// Jest Snapshot v1, https://goo.gl/fbAQLP

exports[`webpack build built files should not change size 1`] = `
Array [
  Object {
    "name": "2.bundle.js",
    "size": 18000,
  },
  Object {
    "name": "2.bundle.js.gz",
    "size": 1000,
  },
  Object {
    "name": "3.bundle.js",
    "size": 2000,
  },
  Object {
    "name": "3.bundle.js.gz",
    "size": 0,
  },
  Object {
    "name": "4.bundle.js",
    "size": 0,
  },
  Object {
    "name": "5.bundle.js",
    "size": 0,
  },
  Object {
    "name": "index.html",
    "size": 4000,
  },
  Object {
    "name": "main.bundle.js",
    "size": 13000,
  },
  Object {
    "name": "main.bundle.js.gz",
    "size": 3000,
  },
  Object {
    "name": "main.style.min.css",
    "size": 8000,
  },
  Object {
    "name": "main.style.min.css.gz",
    "size": 1000,
  },
  Object {
    "name": "vendors~main.bundle.js",
    "size": 671000,
  },
  Object {
    "name": "vendors~main.bundle.js.gz",
    "size": 178000,
  },
  Object {
    "name": "vendors~main.style.min.css",
    "size": 8000,
  },
  Object {
    "name": "vendors~main.style.min.css.gz",
    "size": 2000,
  },
]
`;

exports[`webpack build built files should stay the same 1`] = `
Array [
  "2.bundle.js",
  "2.bundle.js.gz",
  "3.bundle.js",
  "3.bundle.js.gz",
  "4.bundle.js",
  "5.bundle.js",
  "index.html",
  "main.bundle.js",
  "main.bundle.js.gz",
  "main.style.min.css",
  "main.style.min.css.gz",
  "vendors~main.bundle.js",
  "vendors~main.bundle.js.gz",
  "vendors~main.style.min.css",
  "vendors~main.style.min.css.gz",
]
`;
